// Jest Snapshot v1, https://goo.gl/fbAQLP

exports[`Main page component it renders correctly 1`] = `
<div
  className="container"
>
  <div
    className="row"
  >
    <div
      className="col-12"
    >
      <form
        onSubmit={[Function]}
      >
        <div
          className="row"
        >
          <div
            className="col-12"
          >
            <label
              className="label"
            >
              Please enter a gender
            </label>
            <input
              className=""
            />
          </div>
        </div>
        <div
          className="row"
        >
          <div
            className="col-12"
          >
            <label
              className="label"
            >
              Please enter an advert
            </label>
            <div
              contentEditable={true}
              id="textarea"
            />
          </div>
        </div>
        <div
          className="row"
        >
          <div
            className="col-4"
          >
            <button
              className="btn btn-primary"
              onClick={[Function]}
            >
              Click me
            </button>
          </div>
        </div>
      </form>
    </div>
  </div>
</div>
`;
