// Jest Snapshot v1, https://goo.gl/fbAQLP

exports[`Main page component it renders correctly 1`] = `
<div
  className="row"
>
  <div
    className="col-12"
  >
    <div
      className="row"
    >
      <div
        className="col-12"
      >
        <label
          className="label"
        >
          Please enter a gender:
          <select
            id="select"
            onChange={[Function]}
          >
            <option
              value=""
            >
              -- Please choose an option --
            </option>
            <option
              value="male"
            >
              Male
            </option>
            <option
              value="female"
            >
              Female
            </option>
          </select>
        </label>
      </div>
    </div>
    <div
      className="row"
    >
      <div
        className="col-12"
      >
        <div
          contentEditable={true}
          id="textarea"
          placeholder="Please enter an advert here..."
        />
      </div>
    </div>
    <div
      className="row"
    >
      <div
        className="col-4"
      >
        <button
          className="btn btn-primary"
          onClick={[Function]}
        >
          Check
        </button>
        <button
          className="btn btn-primary btn-extra"
          disabled={false}
          onClick={[Function]}
        >
          Submit
        </button>
      </div>
    </div>
  </div>
</div>
`;
